// Jest Snapshot v1, https://goo.gl/fbAQLP

exports[`Storyshots Atoms/ScreenReaderText Default 1`] = `
<div
  style={
    Object {
      "alignContent": "flex-start",
      "display": "flex",
      "flexDirection": "column",
      "flexWrap": "wrap",
      "gap": "10px 30px",
      "height": "100%",
      "justifyContent": "flex-start",
      "maxHeight": "auto",
    }
  }
>
  <span
    className="sc-2wwyod-0 jUxFrS"
  >
    Hidden text
  </span>
</div>
`;
